Archive member included to satisfy reference by file (symbol)

c:/st/stm32cubeide_1.8.0/stm32cubeide/plugins/com.st.stm32cube.ide.mcu.externaltools.gnu-tools-for-stm32.9-2020-q2-update.win32_2.0.0.202105311346/tools/bin/../lib/gcc/arm-none-eabi/10.3.1/../../../../arm-none-eabi/lib/thumb/v7e-m+dp/hard\libc_nano.a(lib_a-errno.o)
                              ./Core/Src/syscalls.o (__errno)
c:/st/stm32cubeide_1.8.0/stm32cubeide/plugins/com.st.stm32cube.ide.mcu.externaltools.gnu-tools-for-stm32.9-2020-q2-update.win32_2.0.0.202105311346/tools/bin/../lib/gcc/arm-none-eabi/10.3.1/../../../../arm-none-eabi/lib/thumb/v7e-m+dp/hard\libc_nano.a(lib_a-exit.o)
                              c:/st/stm32cubeide_1.8.0/stm32cubeide/plugins/com.st.stm32cube.ide.mcu.externaltools.gnu-tools-for-stm32.9-2020-q2-update.win32_2.0.0.202105311346/tools/bin/../lib/gcc/arm-none-eabi/10.3.1/../../../../arm-none-eabi/lib/thumb/v7e-m+dp/hard/crt0.o (exit)
c:/st/stm32cubeide_1.8.0/stm32cubeide/plugins/com.st.stm32cube.ide.mcu.externaltools.gnu-tools-for-stm32.9-2020-q2-update.win32_2.0.0.202105311346/tools/bin/../lib/gcc/arm-none-eabi/10.3.1/../../../../arm-none-eabi/lib/thumb/v7e-m+dp/hard\libc_nano.a(lib_a-impure.o)
                              c:/st/stm32cubeide_1.8.0/stm32cubeide/plugins/com.st.stm32cube.ide.mcu.externaltools.gnu-tools-for-stm32.9-2020-q2-update.win32_2.0.0.202105311346/tools/bin/../lib/gcc/arm-none-eabi/10.3.1/../../../../arm-none-eabi/lib/thumb/v7e-m+dp/hard\libc_nano.a(lib_a-exit.o) (_global_impure_ptr)
c:/st/stm32cubeide_1.8.0/stm32cubeide/plugins/com.st.stm32cube.ide.mcu.externaltools.gnu-tools-for-stm32.9-2020-q2-update.win32_2.0.0.202105311346/tools/bin/../lib/gcc/arm-none-eabi/10.3.1/../../../../arm-none-eabi/lib/thumb/v7e-m+dp/hard\libc_nano.a(lib_a-init.o)
                              c:/st/stm32cubeide_1.8.0/stm32cubeide/plugins/com.st.stm32cube.ide.mcu.externaltools.gnu-tools-for-stm32.9-2020-q2-update.win32_2.0.0.202105311346/tools/bin/../lib/gcc/arm-none-eabi/10.3.1/../../../../arm-none-eabi/lib/thumb/v7e-m+dp/hard/crt0.o (__libc_init_array)
c:/st/stm32cubeide_1.8.0/stm32cubeide/plugins/com.st.stm32cube.ide.mcu.externaltools.gnu-tools-for-stm32.9-2020-q2-update.win32_2.0.0.202105311346/tools/bin/../lib/gcc/arm-none-eabi/10.3.1/../../../../arm-none-eabi/lib/thumb/v7e-m+dp/hard\libc_nano.a(lib_a-memcpy-stub.o)
                              ./Core/Src/motor.o (memcpy)
c:/st/stm32cubeide_1.8.0/stm32cubeide/plugins/com.st.stm32cube.ide.mcu.externaltools.gnu-tools-for-stm32.9-2020-q2-update.win32_2.0.0.202105311346/tools/bin/../lib/gcc/arm-none-eabi/10.3.1/../../../../arm-none-eabi/lib/thumb/v7e-m+dp/hard\libc_nano.a(lib_a-memset.o)
                              c:/st/stm32cubeide_1.8.0/stm32cubeide/plugins/com.st.stm32cube.ide.mcu.externaltools.gnu-tools-for-stm32.9-2020-q2-update.win32_2.0.0.202105311346/tools/bin/../lib/gcc/arm-none-eabi/10.3.1/../../../../arm-none-eabi/lib/thumb/v7e-m+dp/hard/crt0.o (memset)
c:/st/stm32cubeide_1.8.0/stm32cubeide/plugins/com.st.stm32cube.ide.mcu.externaltools.gnu-tools-for-stm32.9-2020-q2-update.win32_2.0.0.202105311346/tools/bin/../lib/gcc/arm-none-eabi/10.3.1/thumb/v7e-m+dp/hard\libgcc.a(_aeabi_uldivmod.o)
                              ./Drivers/STM32F7xx_HAL_Driver/Src/stm32f7xx_hal_rcc.o (__aeabi_uldivmod)
c:/st/stm32cubeide_1.8.0/stm32cubeide/plugins/com.st.stm32cube.ide.mcu.externaltools.gnu-tools-for-stm32.9-2020-q2-update.win32_2.0.0.202105311346/tools/bin/../lib/gcc/arm-none-eabi/10.3.1/thumb/v7e-m+dp/hard\libgcc.a(_udivmoddi4.o)
                              c:/st/stm32cubeide_1.8.0/stm32cubeide/plugins/com.st.stm32cube.ide.mcu.externaltools.gnu-tools-for-stm32.9-2020-q2-update.win32_2.0.0.202105311346/tools/bin/../lib/gcc/arm-none-eabi/10.3.1/thumb/v7e-m+dp/hard\libgcc.a(_aeabi_uldivmod.o) (__udivmoddi4)
c:/st/stm32cubeide_1.8.0/stm32cubeide/plugins/com.st.stm32cube.ide.mcu.externaltools.gnu-tools-for-stm32.9-2020-q2-update.win32_2.0.0.202105311346/tools/bin/../lib/gcc/arm-none-eabi/10.3.1/thumb/v7e-m+dp/hard\libgcc.a(_dvmd_tls.o)
                              c:/st/stm32cubeide_1.8.0/stm32cubeide/plugins/com.st.stm32cube.ide.mcu.externaltools.gnu-tools-for-stm32.9-2020-q2-update.win32_2.0.0.202105311346/tools/bin/../lib/gcc/arm-none-eabi/10.3.1/thumb/v7e-m+dp/hard\libgcc.a(_aeabi_uldivmod.o) (__aeabi_ldiv0)

Discarded input sections

 .text          0x00000000        0x0 c:/st/stm32cubeide_1.8.0/stm32cubeide/plugins/com.st.stm32cube.ide.mcu.externaltools.gnu-tools-for-stm32.9-2020-q2-update.win32_2.0.0.202105311346/tools/bin/../lib/gcc/arm-none-eabi/10.3.1/thumb/v7e-m+dp/hard/crti.o
 .data          0x00000000        0x0 c:/st/stm32cubeide_1.8.0/stm32cubeide/plugins/com.st.stm32cube.ide.mcu.externaltools.gnu-tools-for-stm32.9-2020-q2-update.win32_2.0.0.202105311346/tools/bin/../lib/gcc/arm-none-eabi/10.3.1/thumb/v7e-m+dp/hard/crti.o
[...]
Memory Configuration

Name             Origin             Length             Attributes
RAM              0x20000000         0x00080000         xrw
FLASH            0x08000000         0x00200000         xr
*default*        0x00000000         0xffffffff

Linker script and memory map

LOAD c:/st/stm32cubeide_1.8.0/stm32cubeide/plugins/com.st.stm32cube.ide.mcu.externaltools.gnu-tools-for-stm32.9-2020-q2-update.win32_2.0.0.202105311346/tools/bin/../lib/gcc/arm-none-eabi/10.3.1/thumb/v7e-m+dp/hard/crti.o
LOAD c:/st/stm32cubeide_1.8.0/stm32cubeide/plugins/com.st.stm32cube.ide.mcu.externaltools.gnu-tools-for-stm32.9-2020-q2-update.win32_2.0.0.202105311346/tools/bin/../lib/gcc/arm-none-eabi/10.3.1/thumb/v7e-m+dp/hard/crtbegin.o
LOAD c:/st/stm32cubeide_1.8.0/stm32cubeide/plugins/com.st.stm32cube.ide.mcu.externaltools.gnu-tools-for-stm32.9-2020-q2-update.win32_2.0.0.202105311346/tools/bin/../lib/gcc/arm-none-eabi/10.3.1/../../../../arm-none-eabi/lib/thumb/v7e-m+dp/hard/crt0.o
LOAD ./Core/Src/main.o
LOAD ./Core/Src/motor.o
LOAD ./Core/Src/stm32f7xx_hal_msp.o
LOAD ./Core/Src/stm32f7xx_it.o
LOAD ./Core/Src/syscalls.o
LOAD ./Core/Src/sysmem.o
LOAD ./Core/Src/system_stm32f7xx.o
LOAD ./Core/Startup/startup_stm32f767zitx.o
LOAD ./Drivers/STM32F7xx_HAL_Driver/Src/stm32f7xx_hal.o
LOAD ./Drivers/STM32F7xx_HAL_Driver/Src/stm32f7xx_hal_cortex.o
LOAD ./Drivers/STM32F7xx_HAL_Driver/Src/stm32f7xx_hal_dma.o
LOAD ./Drivers/STM32F7xx_HAL_Driver/Src/stm32f7xx_hal_dma_ex.o
LOAD ./Drivers/STM32F7xx_HAL_Driver/Src/stm32f7xx_hal_exti.o
LOAD ./Drivers/STM32F7xx_HAL_Driver/Src/stm32f7xx_hal_flash.o
LOAD ./Drivers/STM32F7xx_HAL_Driver/Src/stm32f7xx_hal_flash_ex.o
LOAD ./Drivers/STM32F7xx_HAL_Driver/Src/stm32f7xx_hal_gpio.o
LOAD ./Drivers/STM32F7xx_HAL_Driver/Src/stm32f7xx_hal_i2c.o
LOAD ./Drivers/STM32F7xx_HAL_Driver/Src/stm32f7xx_hal_i2c_ex.o
LOAD ./Drivers/STM32F7xx_HAL_Driver/Src/stm32f7xx_hal_pwr.o
LOAD ./Drivers/STM32F7xx_HAL_Driver/Src/stm32f7xx_hal_pwr_ex.o
LOAD ./Drivers/STM32F7xx_HAL_Driver/Src/stm32f7xx_hal_rcc.o
LOAD ./Drivers/STM32F7xx_HAL_Driver/Src/stm32f7xx_hal_rcc_ex.o
LOAD ./Drivers/STM32F7xx_HAL_Driver/Src/stm32f7xx_hal_tim.o
LOAD ./Drivers/STM32F7xx_HAL_Driver/Src/stm32f7xx_hal_tim_ex.o
START GROUP
LOAD c:/st/stm32cubeide_1.8.0/stm32cubeide/plugins/com.st.stm32cube.ide.mcu.externaltools.gnu-tools-for-stm32.9-2020-q2-update.win32_2.0.0.202105311346/tools/bin/../lib/gcc/arm-none-eabi/10.3.1/../../../../arm-none-eabi/lib/thumb/v7e-m+dp/hard\libstdc++_nano.a
LOAD c:/st/stm32cubeide_1.8.0/stm32cubeide/plugins/com.st.stm32cube.ide.mcu.externaltools.gnu-tools-for-stm32.9-2020-q2-update.win32_2.0.0.202105311346/tools/bin/../lib/gcc/arm-none-eabi/10.3.1/../../../../arm-none-eabi/lib/thumb/v7e-m+dp/hard\libsupc++_nano.a
END GROUP
LOAD c:/st/stm32cubeide_1.8.0/stm32cubeide/plugins/com.st.stm32cube.ide.mcu.externaltools.gnu-tools-for-stm32.9-2020-q2-update.win32_2.0.0.202105311346/tools/bin/../lib/gcc/arm-none-eabi/10.3.1/../../../../arm-none-eabi/lib/thumb/v7e-m+dp/hard\libstdc++_nano.a
LOAD c:/st/stm32cubeide_1.8.0/stm32cubeide/plugins/com.st.stm32cube.ide.mcu.externaltools.gnu-tools-for-stm32.9-2020-q2-update.win32_2.0.0.202105311346/tools/bin/../lib/gcc/arm-none-eabi/10.3.1/../../../../arm-none-eabi/lib/thumb/v7e-m+dp/hard\libm.a
LOAD c:/st/stm32cubeide_1.8.0/stm32cubeide/plugins/com.st.stm32cube.ide.mcu.externaltools.gnu-tools-for-stm32.9-2020-q2-update.win32_2.0.0.202105311346/tools/bin/../lib/gcc/arm-none-eabi/10.3.1/../../../../arm-none-eabi/lib/thumb/v7e-m+dp/hard\libc_nano.a
START GROUP
LOAD c:/st/stm32cubeide_1.8.0/stm32cubeide/plugins/com.st.stm32cube.ide.mcu.externaltools.gnu-tools-for-stm32.9-2020-q2-update.win32_2.0.0.202105311346/tools/bin/../lib/gcc/arm-none-eabi/10.3.1/thumb/v7e-m+dp/hard\libgcc.a
LOAD c:/st/stm32cubeide_1.8.0/stm32cubeide/plugins/com.st.stm32cube.ide.mcu.externaltools.gnu-tools-for-stm32.9-2020-q2-update.win32_2.0.0.202105311346/tools/bin/../lib/gcc/arm-none-eabi/10.3.1/../../../../arm-none-eabi/lib/thumb/v7e-m+dp/hard\libc_nano.a
END GROUP
START GROUP
LOAD c:/st/stm32cubeide_1.8.0/stm32cubeide/plugins/com.st.stm32cube.ide.mcu.externaltools.gnu-tools-for-stm32.9-2020-q2-update.win32_2.0.0.202105311346/tools/bin/../lib/gcc/arm-none-eabi/10.3.1/thumb/v7e-m+dp/hard\libgcc.a
LOAD c:/st/stm32cubeide_1.8.0/stm32cubeide/plugins/com.st.stm32cube.ide.mcu.externaltools.gnu-tools-for-stm32.9-2020-q2-update.win32_2.0.0.202105311346/tools/bin/../lib/gcc/arm-none-eabi/10.3.1/../../../../arm-none-eabi/lib/thumb/v7e-m+dp/hard\libc_nano.a
LOAD c:/st/stm32cubeide_1.8.0/stm32cubeide/plugins/com.st.stm32cube.ide.mcu.externaltools.gnu-tools-for-stm32.9-2020-q2-update.win32_2.0.0.202105311346/tools/bin/../lib/gcc/arm-none-eabi/10.3.1/../../../../arm-none-eabi/lib/thumb/v7e-m+dp/hard\libnosys.a
END GROUP
START GROUP
LOAD c:/st/stm32cubeide_1.8.0/stm32cubeide/plugins/com.st.stm32cube.ide.mcu.externaltools.gnu-tools-for-stm32.9-2020-q2-update.win32_2.0.0.202105311346/tools/bin/../lib/gcc/arm-none-eabi/10.3.1/thumb/v7e-m+dp/hard\libgcc.a
LOAD c:/st/stm32cubeide_1.8.0/stm32cubeide/plugins/com.st.stm32cube.ide.mcu.externaltools.gnu-tools-for-stm32.9-2020-q2-update.win32_2.0.0.202105311346/tools/bin/../lib/gcc/arm-none-eabi/10.3.1/../../../../arm-none-eabi/lib/thumb/v7e-m+dp/hard\libc_nano.a
LOAD c:/st/stm32cubeide_1.8.0/stm32cubeide/plugins/com.st.stm32cube.ide.mcu.externaltools.gnu-tools-for-stm32.9-2020-q2-update.win32_2.0.0.202105311346/tools/bin/../lib/gcc/arm-none-eabi/10.3.1/../../../../arm-none-eabi/lib/thumb/v7e-m+dp/hard\libnosys.a
END GROUP
LOAD c:/st/stm32cubeide_1.8.0/stm32cubeide/plugins/com.st.stm32cube.ide.mcu.externaltools.gnu-tools-for-stm32.9-2020-q2-update.win32_2.0.0.202105311346/tools/bin/../lib/gcc/arm-none-eabi/10.3.1/thumb/v7e-m+dp/hard/crtend.o
LOAD c:/st/stm32cubeide_1.8.0/stm32cubeide/plugins/com.st.stm32cube.ide.mcu.externaltools.gnu-tools-for-stm32.9-2020-q2-update.win32_2.0.0.202105311346/tools/bin/../lib/gcc/arm-none-eabi/10.3.1/thumb/v7e-m+dp/hard/crtn.o
                0x20080000                _estack = (ORIGIN (RAM) + LENGTH (RAM))
                0x00000200                _Min_Heap_Size = 0x200
                0x00000400                _Min_Stack_Size = 0x400

.isr_vector     0x08000000      0x1f8
                0x08000000                . = ALIGN (0x4)
 *(.isr_vector)
 .isr_vector    0x08000000      0x1f8 ./Core/Startup/startup_stm32f767zitx.o
                0x08000000                g_pfnVectors
                0x080001f8                . = ALIGN (0x4)

.text           0x080001f8     0x2b98
                0x080001f8                . = ALIGN (0x4)
 *(.text)
 .text          0x080001f8       0x40 c:/st/stm32cubeide_1.8.0/stm32cubeide/plugins/com.st.stm32cube.ide.mcu.externaltools.gnu-tools-for-stm32.9-2020-q2-update.win32_2.0.0.202105311346/tools/bin/../lib/gcc/arm-none-eabi/10.3.1/thumb/v7e-m+dp/hard/crtbegin.o
 .text          0x08000238       0x30 c:/st/stm32cubeide_1.8.0/stm32cubeide/plugins/com.st.stm32cube.ide.mcu.externaltools.gnu-tools-for-stm32.9-2020-q2-update.win32_2.0.0.202105311346/tools/bin/../lib/gcc/arm-none-eabi/10.3.1/thumb/v7e-m+dp/hard\libgcc.a(_aeabi_uldivmod.o)
                0x08000238                __aeabi_uldivmod
 .text          0x08000268      0x2d0 c:/st/stm32cubeide_1.8.0/stm32cubeide/plugins/com.st.stm32cube.ide.mcu.externaltools.gnu-tools-for-stm32.9-2020-q2-update.win32_2.0.0.202105311346/tools/bin/../lib/gcc/arm-none-eabi/10.3.1/thumb/v7e-m+dp/hard\libgcc.a(_udivmoddi4.o)
                0x08000268                __udivmoddi4
 .text          0x08000538        0x4 c:/st/stm32cubeide_1.8.0/stm32cubeide/plugins/com.st.stm32cube.ide.mcu.externaltools.gnu-tools-for-stm32.9-2020-q2-update.win32_2.0.0.202105311346/tools/bin/../lib/gcc/arm-none-eabi/10.3.1/thumb/v7e-m+dp/hard\libgcc.a(_dvmd_tls.o)
                0x08000538                __aeabi_idiv0
                0x08000538                __aeabi_ldiv0
 *(.text*)
 *fill*         0x0800053c        0x4 
 .text.main     0x08000540       0x54 ./Core/Src/main.o
                0x08000540                main
 .text.SystemClock_Config
                0x08000594       0xdc ./Core/Src/main.o
                0x08000594                SystemClock_Config
 .text.MX_TIM1_Init
                0x08000670      0x194 ./Core/Src/main.o
 .text.MX_GPIO_Init
                0x08000804       0x78 ./Core/Src/main.o
 .text.Error_Handler
                0x0800087c        0xa ./Core/Src/main.o
                0x0800087c                Error_Handler
 *fill*         0x08000886        0x2 
 .text.motorHandleStructInit
                0x08000888       0x98 ./Core/Src/motor.o
                0x08000888                motorHandleStructInit
 .text.motorEnablePWM_Output
                0x08000920       0x40 ./Core/Src/motor.o
                0x08000920                motorEnablePWM_Output
 .text.motorSetSpeed
                0x08000960       0xb6 ./Core/Src/motor.o
                0x08000960                motorSetSpeed
 *fill*         0x08000a16        0x2 
 .text.HAL_MspInit
                0x08000a18       0x48 ./Core/Src/stm32f7xx_hal_msp.o
                0x08000a18                HAL_MspInit
 .text.HAL_TIM_Base_MspInit
                0x08000a60       0x40 ./Core/Src/stm32f7xx_hal_msp.o
                0x08000a60                HAL_TIM_Base_MspInit
 .text.HAL_TIM_MspPostInit
                0x08000aa0       0x70 ./Core/Src/stm32f7xx_hal_msp.o
                0x08000aa0                HAL_TIM_MspPostInit
 .text.NMI_Handler
                0x08000b10        0x6 ./Core/Src/stm32f7xx_it.o
                0x08000b10                NMI_Handler
 .text.HardFault_Handler
                0x08000b16        0x6 ./Core/Src/stm32f7xx_it.o
                0x08000b16                HardFault_Handler
 .text.MemManage_Handler
                0x08000b1c        0x6 ./Core/Src/stm32f7xx_it.o
                0x08000b1c                MemManage_Handler
 .text.BusFault_Handler
                0x08000b22        0x6 ./Core/Src/stm32f7xx_it.o
                0x08000b22                BusFault_Handler
 .text.UsageFault_Handler
                0x08000b28        0x6 ./Core/Src/stm32f7xx_it.o
                0x08000b28                UsageFault_Handler
 .text.SVC_Handler
                0x08000b2e        0xe ./Core/Src/stm32f7xx_it.o
                0x08000b2e                SVC_Handler
 .text.DebugMon_Handler
                0x08000b3c        0xe ./Core/Src/stm32f7xx_it.o
                0x08000b3c                DebugMon_Handler
 .text.PendSV_Handler
                0x08000b4a        0xe ./Core/Src/stm32f7xx_it.o
                0x08000b4a                PendSV_Handler
 .text.SysTick_Handler
                0x08000b58        0xc ./Core/Src/stm32f7xx_it.o
                0x08000b58                SysTick_Handler
 .text.SystemInit
                0x08000b64       0x24 ./Core/Src/system_stm32f7xx.o
                0x08000b64                SystemInit
 .text.Reset_Handler
                0x08000b88       0x50 ./Core/Startup/startup_stm32f767zitx.o
                0x08000b88                Reset_Handler
 .text.Default_Handler
                0x08000bd8        0x2 ./Core/Startup/startup_stm32f767zitx.o
                0x08000bd8                RTC_Alarm_IRQHandler
                0x08000bd8                EXTI2_IRQHandler
                0x08000bd8                TIM8_CC_IRQHandler
                0x08000bd8                UART8_IRQHandler
                0x08000bd8                SPI4_IRQHandler
                0x08000bd8                TIM1_CC_IRQHandler
                0x08000bd8                DMA2_Stream5_IRQHandler
                0x08000bd8                JPEG_IRQHandler
                0x08000bd8                DMA1_Stream5_IRQHandler
                0x08000bd8                CAN3_RX1_IRQHandler
                0x08000bd8                PVD_IRQHandler
                0x08000bd8                TAMP_STAMP_IRQHandler
                0x08000bd8                CAN2_RX1_IRQHandler
                0x08000bd8                EXTI3_IRQHandler
                0x08000bd8                TIM8_TRG_COM_TIM14_IRQHandler
                0x08000bd8                DFSDM1_FLT1_IRQHandler
                0x08000bd8                TIM1_UP_TIM10_IRQHandler
                0x08000bd8                TIM8_UP_TIM13_IRQHandler
                0x08000bd8                I2C3_ER_IRQHandler
                0x08000bd8                DFSDM1_FLT2_IRQHandler
                0x08000bd8                EXTI0_IRQHandler
                0x08000bd8                I2C2_EV_IRQHandler
                0x08000bd8                DMA1_Stream2_IRQHandler
                0x08000bd8                CAN1_RX0_IRQHandler
                0x08000bd8                FPU_IRQHandler
                0x08000bd8                OTG_HS_WKUP_IRQHandler
                0x08000bd8                CAN3_SCE_IRQHandler
                0x08000bd8                LTDC_ER_IRQHandler
                0x08000bd8                CAN2_SCE_IRQHandler
                0x08000bd8                DMA2_Stream2_IRQHandler
                0x08000bd8                SPI1_IRQHandler
                0x08000bd8                TIM6_DAC_IRQHandler
                0x08000bd8                TIM1_BRK_TIM9_IRQHandler
                0x08000bd8                DCMI_IRQHandler
                0x08000bd8                CAN2_RX0_IRQHandler
                0x08000bd8                DMA2_Stream3_IRQHandler
                0x08000bd8                SAI2_IRQHandler
                0x08000bd8                DFSDM1_FLT3_IRQHandler
                0x08000bd8                USART6_IRQHandler
                0x08000bd8                CAN3_RX0_IRQHandler
                0x08000bd8                USART3_IRQHandler
                0x08000bd8                CAN1_RX1_IRQHandler
                0x08000bd8                UART5_IRQHandler
                0x08000bd8                DMA2_Stream0_IRQHandler
                0x08000bd8                TIM4_IRQHandler
                0x08000bd8                QUADSPI_IRQHandler
                0x08000bd8                I2C1_EV_IRQHandler
                0x08000bd8                DMA1_Stream6_IRQHandler
                0x08000bd8                DMA1_Stream1_IRQHandler
                0x08000bd8                UART4_IRQHandler
                0x08000bd8                TIM3_IRQHandler
                0x08000bd8                RCC_IRQHandler
                0x08000bd8                TIM8_BRK_TIM12_IRQHandler
                0x08000bd8                Default_Handler
                0x08000bd8                CEC_IRQHandler
                0x08000bd8                EXTI15_10_IRQHandler
                0x08000bd8                ADC_IRQHandler
                0x08000bd8                DMA1_Stream7_IRQHandler
                0x08000bd8                SPI5_IRQHandler
                0x08000bd8                TIM7_IRQHandler
                0x08000bd8                SDMMC1_IRQHandler
                0x08000bd8                CAN2_TX_IRQHandler
                0x08000bd8                TIM5_IRQHandler
                0x08000bd8                DMA2_Stream7_IRQHandler
                0x08000bd8                I2C3_EV_IRQHandler
                0x08000bd8                EXTI9_5_IRQHandler
                0x08000bd8                RTC_WKUP_IRQHandler
                0x08000bd8                LTDC_IRQHandler
                0x08000bd8                ETH_WKUP_IRQHandler
                0x08000bd8                SPDIF_RX_IRQHandler
                0x08000bd8                SPI2_IRQHandler
                0x08000bd8                OTG_HS_EP1_IN_IRQHandler
                0x08000bd8                DMA1_Stream0_IRQHandler
                0x08000bd8                CAN1_TX_IRQHandler
                0x08000bd8                EXTI4_IRQHandler
                0x08000bd8                RNG_IRQHandler
                0x08000bd8                ETH_IRQHandler
                0x08000bd8                OTG_HS_EP1_OUT_IRQHandler
                0x08000bd8                WWDG_IRQHandler
                0x08000bd8                SPI6_IRQHandler
                0x08000bd8                MDIOS_IRQHandler
                0x08000bd8                I2C4_EV_IRQHandler
                0x08000bd8                CAN3_TX_IRQHandler
                0x08000bd8                TIM2_IRQHandler
                0x08000bd8                OTG_FS_WKUP_IRQHandler
                0x08000bd8                TIM1_TRG_COM_TIM11_IRQHandler
                0x08000bd8                OTG_HS_IRQHandler
                0x08000bd8                DMA2D_IRQHandler
                0x08000bd8                EXTI1_IRQHandler
                0x08000bd8                SDMMC2_IRQHandler
                0x08000bd8                UART7_IRQHandler
                0x08000bd8                USART2_IRQHandler
                0x08000bd8                DFSDM1_FLT0_IRQHandler
                0x08000bd8                I2C2_ER_IRQHandler
                0x08000bd8                DMA2_Stream1_IRQHandler
                0x08000bd8                CAN1_SCE_IRQHandler
                0x08000bd8                FLASH_IRQHandler
                0x08000bd8                DMA2_Stream4_IRQHandler
                0x08000bd8                USART1_IRQHandler
                0x08000bd8                OTG_FS_IRQHandler
                0x08000bd8                SPI3_IRQHandler
                0x08000bd8                DMA1_Stream4_IRQHandler
                0x08000bd8                I2C1_ER_IRQHandler
                0x08000bd8                FMC_IRQHandler
                0x08000bd8                LPTIM1_IRQHandler
                0x08000bd8                I2C4_ER_IRQHandler
                0x08000bd8                DMA2_Stream6_IRQHandler
                0x08000bd8                SAI1_IRQHandler
                0x08000bd8                DMA1_Stream3_IRQHandler
 .text.HAL_Init
                0x08000bda       0x1a ./Drivers/STM32F7xx_HAL_Driver/Src/stm32f7xx_hal.o
                0x08000bda                HAL_Init
 .text.HAL_InitTick
                0x08000bf4       0x60 ./Drivers/STM32F7xx_HAL_Driver/Src/stm32f7xx_hal.o
                0x08000bf4                HAL_InitTick
 .text.HAL_IncTick
                0x08000c54       0x28 ./Drivers/STM32F7xx_HAL_Driver/Src/stm32f7xx_hal.o
                0x08000c54                HAL_IncTick
 .text.HAL_GetTick
                0x08000c7c       0x18 ./Drivers/STM32F7xx_HAL_Driver/Src/stm32f7xx_hal.o
                0x08000c7c                HAL_GetTick
 .text.__NVIC_SetPriorityGrouping
                0x08000c94       0x48 ./Drivers/STM32F7xx_HAL_Driver/Src/stm32f7xx_hal_cortex.o
 .text.__NVIC_GetPriorityGrouping
                0x08000cdc       0x1c ./Drivers/STM32F7xx_HAL_Driver/Src/stm32f7xx_hal_cortex.o
 .text.__NVIC_SetPriority
                0x08000cf8       0x54 ./Drivers/STM32F7xx_HAL_Driver/Src/stm32f7xx_hal_cortex.o
 .text.NVIC_EncodePriority
                0x08000d4c       0x66 ./Drivers/STM32F7xx_HAL_Driver/Src/stm32f7xx_hal_cortex.o
 *fill*         0x08000db2        0x2 
 .text.SysTick_Config
                0x08000db4       0x44 ./Drivers/STM32F7xx_HAL_Driver/Src/stm32f7xx_hal_cortex.o
 .text.HAL_NVIC_SetPriorityGrouping
                0x08000df8       0x16 ./Drivers/STM32F7xx_HAL_Driver/Src/stm32f7xx_hal_cortex.o
                0x08000df8                HAL_NVIC_SetPriorityGrouping
 .text.HAL_NVIC_SetPriority
                0x08000e0e       0x38 ./Drivers/STM32F7xx_HAL_Driver/Src/stm32f7xx_hal_cortex.o
                0x08000e0e                HAL_NVIC_SetPriority
 .text.HAL_SYSTICK_Config
                0x08000e46       0x18 ./Drivers/STM32F7xx_HAL_Driver/Src/stm32f7xx_hal_cortex.o
                0x08000e46                HAL_SYSTICK_Config
 *fill*         0x08000e5e        0x2 
 .text.HAL_GPIO_Init
                0x08000e60      0x358 ./Drivers/STM32F7xx_HAL_Driver/Src/stm32f7xx_hal_gpio.o
                0x08000e60                HAL_GPIO_Init
 .text.HAL_GPIO_WritePin
                0x080011b8       0x32 ./Drivers/STM32F7xx_HAL_Driver/Src/stm32f7xx_hal_gpio.o
                0x080011b8                HAL_GPIO_WritePin
 *fill*         0x080011ea        0x2 
 .text.HAL_PWREx_EnableOverDrive
                0x080011ec       0xa0 ./Drivers/STM32F7xx_HAL_Driver/Src/stm32f7xx_hal_pwr_ex.o
                0x080011ec                HAL_PWREx_EnableOverDrive
 .text.HAL_RCC_OscConfig
                0x0800128c      0x55c ./Drivers/STM32F7xx_HAL_Driver/Src/stm32f7xx_hal_rcc.o
                0x0800128c                HAL_RCC_OscConfig
 .text.HAL_RCC_ClockConfig
                0x080017e8      0x1d8 ./Drivers/STM32F7xx_HAL_Driver/Src/stm32f7xx_hal_rcc.o
                0x080017e8                HAL_RCC_ClockConfig
 .text.HAL_RCC_GetSysClockFreq
                0x080019c0      0x18c ./Drivers/STM32F7xx_HAL_Driver/Src/stm32f7xx_hal_rcc.o
                0x080019c0                HAL_RCC_GetSysClockFreq
 .text.HAL_RCC_GetHCLKFreq
                0x08001b4c       0x18 ./Drivers/STM32F7xx_HAL_Driver/Src/stm32f7xx_hal_rcc.o
                0x08001b4c                HAL_RCC_GetHCLKFreq
 .text.HAL_RCC_GetPCLK1Freq
                0x08001b64       0x28 ./Drivers/STM32F7xx_HAL_Driver/Src/stm32f7xx_hal_rcc.o
                0x08001b64                HAL_RCC_GetPCLK1Freq
 .text.HAL_RCC_GetPCLK2Freq
                0x08001b8c       0x28 ./Drivers/STM32F7xx_HAL_Driver/Src/stm32f7xx_hal_rcc.o
                0x08001b8c                HAL_RCC_GetPCLK2Freq
 .text.HAL_TIM_Base_Init
                0x08001bb4       0xae ./Drivers/STM32F7xx_HAL_Driver/Src/stm32f7xx_hal_tim.o
                0x08001bb4                HAL_TIM_Base_Init
 .text.HAL_TIM_OC_Init
                0x08001c62       0xae ./Drivers/STM32F7xx_HAL_Driver/Src/stm32f7xx_hal_tim.o
                0x08001c62                HAL_TIM_OC_Init
 .text.HAL_TIM_OC_MspInit
                0x08001d10       0x14 ./Drivers/STM32F7xx_HAL_Driver/Src/stm32f7xx_hal_tim.o
                0x08001d10                HAL_TIM_OC_MspInit
 .text.HAL_TIM_PWM_Start
                0x08001d24      0x1f4 ./Drivers/STM32F7xx_HAL_Driver/Src/stm32f7xx_hal_tim.o
                0x08001d24                HAL_TIM_PWM_Start
 .text.HAL_TIM_OC_ConfigChannel
                0x08001f18       0xf4 ./Drivers/STM32F7xx_HAL_Driver/Src/stm32f7xx_hal_tim.o
                0x08001f18                HAL_TIM_OC_ConfigChannel
 .text.HAL_TIM_ConfigClockSource
                0x0800200c      0x194 ./Drivers/STM32F7xx_HAL_Driver/Src/stm32f7xx_hal_tim.o
                0x0800200c                HAL_TIM_ConfigClockSource
 .text.TIM_Base_SetConfig
                0x080021a0      0x140 ./Drivers/STM32F7xx_HAL_Driver/Src/stm32f7xx_hal_tim.o
                0x080021a0                TIM_Base_SetConfig
 .text.TIM_OC1_SetConfig
                0x080022e0       0xe4 ./Drivers/STM32F7xx_HAL_Driver/Src/stm32f7xx_hal_tim.o
 .text.TIM_OC2_SetConfig
                0x080023c4       0xf0 ./Drivers/STM32F7xx_HAL_Driver/Src/stm32f7xx_hal_tim.o
                0x080023c4                TIM_OC2_SetConfig
 .text.TIM_OC3_SetConfig
                0x080024b4       0xec ./Drivers/STM32F7xx_HAL_Driver/Src/stm32f7xx_hal_tim.o
 .text.TIM_OC4_SetConfig
                0x080025a0       0xb0 ./Drivers/STM32F7xx_HAL_Driver/Src/stm32f7xx_hal_tim.o
 .text.TIM_OC5_SetConfig
                0x08002650       0xa4 ./Drivers/STM32F7xx_HAL_Driver/Src/stm32f7xx_hal_tim.o
 .text.TIM_OC6_SetConfig
                0x080026f4       0xa8 ./Drivers/STM32F7xx_HAL_Driver/Src/stm32f7xx_hal_tim.o
 .text.TIM_TI1_ConfigInputStage
                0x0800279c       0x5e ./Drivers/STM32F7xx_HAL_Driver/Src/stm32f7xx_hal_tim.o
 .text.TIM_TI2_ConfigInputStage
                0x080027fa       0x60 ./Drivers/STM32F7xx_HAL_Driver/Src/stm32f7xx_hal_tim.o
 .text.TIM_ITRx_SetConfig
                0x0800285a       0x36 ./Drivers/STM32F7xx_HAL_Driver/Src/stm32f7xx_hal_tim.o
 .text.TIM_ETR_SetConfig
                0x08002890       0x40 ./Drivers/STM32F7xx_HAL_Driver/Src/stm32f7xx_hal_tim.o
                0x08002890                TIM_ETR_SetConfig
 .text.TIM_CCxChannelCmd
                0x080028d0       0x4a ./Drivers/STM32F7xx_HAL_Driver/Src/stm32f7xx_hal_tim.o
                0x080028d0                TIM_CCxChannelCmd
 *fill*         0x0800291a        0x2 
 .text.HAL_TIMEx_PWMN_Start
                0x0800291c      0x184 ./Drivers/STM32F7xx_HAL_Driver/Src/stm32f7xx_hal_tim_ex.o
                0x0800291c                HAL_TIMEx_PWMN_Start
 .text.HAL_TIMEx_MasterConfigSynchronization
                0x08002aa0      0x11c ./Drivers/STM32F7xx_HAL_Driver/Src/stm32f7xx_hal_tim_ex.o
                0x08002aa0                HAL_TIMEx_MasterConfigSynchronization
 .text.HAL_TIMEx_ConfigBreakDeadTime
                0x08002bbc       0xfc ./Drivers/STM32F7xx_HAL_Driver/Src/stm32f7xx_hal_tim_ex.o
                0x08002bbc                HAL_TIMEx_ConfigBreakDeadTime
 .text.TIM_CCxNChannelCmd
                0x08002cb8       0x4a ./Drivers/STM32F7xx_HAL_Driver/Src/stm32f7xx_hal_tim_ex.o
 *fill*         0x08002d02        0x2 
 .text.__libc_init_array
                0x08002d04       0x48 c:/st/stm32cubeide_1.8.0/stm32cubeide/plugins/com.st.stm32cube.ide.mcu.externaltools.gnu-tools-for-stm32.9-2020-q2-update.win32_2.0.0.202105311346/tools/bin/../lib/gcc/arm-none-eabi/10.3.1/../../../../arm-none-eabi/lib/thumb/v7e-m+dp/hard\libc_nano.a(lib_a-init.o)
                0x08002d04                __libc_init_array
 .text.memcpy   0x08002d4c       0x1c c:/st/stm32cubeide_1.8.0/stm32cubeide/plugins/com.st.stm32cube.ide.mcu.externaltools.gnu-tools-for-stm32.9-2020-q2-update.win32_2.0.0.202105311346/tools/bin/../lib/gcc/arm-none-eabi/10.3.1/../../../../arm-none-eabi/lib/thumb/v7e-m+dp/hard\libc_nano.a(lib_a-memcpy-stub.o)
                0x08002d4c                memcpy
 .text.memset   0x08002d68       0x10 c:/st/stm32cubeide_1.8.0/stm32cubeide/plugins/com.st.stm32cube.ide.mcu.externaltools.gnu-tools-for-stm32.9-2020-q2-update.win32_2.0.0.202105311346/tools/bin/../lib/gcc/arm-none-eabi/10.3.1/../../../../arm-none-eabi/lib/thumb/v7e-m+dp/hard\libc_nano.a(lib_a-memset.o)
                0x08002d68                memset
 *(.glue_7)
 .glue_7        0x08002d78        0x0 linker stubs
 *(.glue_7t)
 .glue_7t       0x08002d78        0x0 linker stubs
 *(.eh_frame)
 .eh_frame      0x08002d78        0x0 c:/st/stm32cubeide_1.8.0/stm32cubeide/plugins/com.st.stm32cube.ide.mcu.externaltools.gnu-tools-for-stm32.9-2020-q2-update.win32_2.0.0.202105311346/tools/bin/../lib/gcc/arm-none-eabi/10.3.1/thumb/v7e-m+dp/hard/crtbegin.o
 *(.init)
 .init          0x08002d78        0x4 c:/st/stm32cubeide_1.8.0/stm32cubeide/plugins/com.st.stm32cube.ide.mcu.externaltools.gnu-tools-for-stm32.9-2020-q2-update.win32_2.0.0.202105311346/tools/bin/../lib/gcc/arm-none-eabi/10.3.1/thumb/v7e-m+dp/hard/crti.o
                0x08002d78                _init
 .init          0x08002d7c        0x8 c:/st/stm32cubeide_1.8.0/stm32cubeide/plugins/com.st.stm32cube.ide.mcu.externaltools.gnu-tools-for-stm32.9-2020-q2-update.win32_2.0.0.202105311346/tools/bin/../lib/gcc/arm-none-eabi/10.3.1/thumb/v7e-m+dp/hard/crtn.o
 *(.fini)
 .fini          0x08002d84        0x4 c:/st/stm32cubeide_1.8.0/stm32cubeide/plugins/com.st.stm32cube.ide.mcu.externaltools.gnu-tools-for-stm32.9-2020-q2-update.win32_2.0.0.202105311346/tools/bin/../lib/gcc/arm-none-eabi/10.3.1/thumb/v7e-m+dp/hard/crti.o
                0x08002d84                _fini
 .fini          0x08002d88        0x8 c:/st/stm32cubeide_1.8.0/stm32cubeide/plugins/com.st.stm32cube.ide.mcu.externaltools.gnu-tools-for-stm32.9-2020-q2-update.win32_2.0.0.202105311346/tools/bin/../lib/gcc/arm-none-eabi/10.3.1/thumb/v7e-m+dp/hard/crtn.o
                0x08002d90                . = ALIGN (0x4)
                0x08002d90                _etext = .

.vfp11_veneer   0x08002d90        0x0
 .vfp11_veneer  0x08002d90        0x0 linker stubs

.v4_bx          0x08002d90        0x0
 .v4_bx         0x08002d90        0x0 linker stubs

.iplt           0x08002d90        0x0
 .iplt          0x08002d90        0x0 c:/st/stm32cubeide_1.8.0/stm32cubeide/plugins/com.st.stm32cube.ide.mcu.externaltools.gnu-tools-for-stm32.9-2020-q2-update.win32_2.0.0.202105311346/tools/bin/../lib/gcc/arm-none-eabi/10.3.1/thumb/v7e-m+dp/hard/crtbegin.o

.rodata         0x08002d90       0x18
                0x08002d90                . = ALIGN (0x4)
 *(.rodata)
 *(.rodata*)
 .rodata.AHBPrescTable
                0x08002d90       0x10 ./Core/Src/system_stm32f7xx.o
                0x08002d90                AHBPrescTable
 .rodata.APBPrescTable
                0x08002da0        0x8 ./Core/Src/system_stm32f7xx.o
                0x08002da0                APBPrescTable
                0x08002da8                . = ALIGN (0x4)

.ARM.extab      0x08002da8        0x0
                0x08002da8                . = ALIGN (0x4)
 *(.ARM.extab* .gnu.linkonce.armextab.*)
                0x08002da8                . = ALIGN (0x4)

.ARM            0x08002da8        0x8
                0x08002da8                . = ALIGN (0x4)
                0x08002da8                __exidx_start = .
 *(.ARM.exidx*)
 .ARM.exidx     0x08002da8        0x8 c:/st/stm32cubeide_1.8.0/stm32cubeide/plugins/com.st.stm32cube.ide.mcu.externaltools.gnu-tools-for-stm32.9-2020-q2-update.win32_2.0.0.202105311346/tools/bin/../lib/gcc/arm-none-eabi/10.3.1/thumb/v7e-m+dp/hard\libgcc.a(_udivmoddi4.o)
                0x08002db0                __exidx_end = .
                0x08002db0                . = ALIGN (0x4)

.rel.dyn        0x08002db0        0x0
 .rel.iplt      0x08002db0        0x0 c:/st/stm32cubeide_1.8.0/stm32cubeide/plugins/com.st.stm32cube.ide.mcu.externaltools.gnu-tools-for-stm32.9-2020-q2-update.win32_2.0.0.202105311346/tools/bin/../lib/gcc/arm-none-eabi/10.3.1/thumb/v7e-m+dp/hard/crtbegin.o

.preinit_array  0x08002db0        0x0
                0x08002db0                . = ALIGN (0x4)
                0x08002db0                PROVIDE (__preinit_array_start = .)
 *(.preinit_array*)
                0x08002db0                PROVIDE (__preinit_array_end = .)
                0x08002db0                . = ALIGN (0x4)

.init_array     0x08002db0        0x4
                0x08002db0                . = ALIGN (0x4)
                0x08002db0                PROVIDE (__init_array_start = .)
 *(SORT_BY_NAME(.init_array.*))
 *(.init_array*)
 .init_array    0x08002db0        0x4 c:/st/stm32cubeide_1.8.0/stm32cubeide/plugins/com.st.stm32cube.ide.mcu.externaltools.gnu-tools-for-stm32.9-2020-q2-update.win32_2.0.0.202105311346/tools/bin/../lib/gcc/arm-none-eabi/10.3.1/thumb/v7e-m+dp/hard/crtbegin.o
                0x08002db4                PROVIDE (__init_array_end = .)
                0x08002db4                . = ALIGN (0x4)

.fini_array     0x08002db4        0x4
                0x08002db4                . = ALIGN (0x4)
                [!provide]                PROVIDE (__fini_array_start = .)
 *(SORT_BY_NAME(.fini_array.*))
 *(.fini_array*)
 .fini_array    0x08002db4        0x4 c:/st/stm32cubeide_1.8.0/stm32cubeide/plugins/com.st.stm32cube.ide.mcu.externaltools.gnu-tools-for-stm32.9-2020-q2-update.win32_2.0.0.202105311346/tools/bin/../lib/gcc/arm-none-eabi/10.3.1/thumb/v7e-m+dp/hard/crtbegin.o
                [!provide]                PROVIDE (__fini_array_end = .)
                0x08002db8                . = ALIGN (0x4)
                0x08002db8                _sidata = LOADADDR (.data)

.data           0x20000000        0xc load address 0x08002db8
                0x20000000                . = ALIGN (0x4)
                0x20000000                _sdata = .
 *(.data)
 *(.data*)
 .data.SystemCoreClock
                0x20000000        0x4 ./Core/Src/system_stm32f7xx.o
                0x20000000                SystemCoreClock
 .data.uwTickPrio
                0x20000004        0x4 ./Drivers/STM32F7xx_HAL_Driver/Src/stm32f7xx_hal.o
                0x20000004                uwTickPrio
 .data.uwTickFreq
                0x20000008        0x1 ./Drivers/STM32F7xx_HAL_Driver/Src/stm32f7xx_hal.o
                0x20000008                uwTickFreq
 *(.RamFunc)
 *(.RamFunc*)
                0x2000000c                . = ALIGN (0x4)
 *fill*         0x20000009        0x3 
                0x2000000c                _edata = .

.igot.plt       0x2000000c        0x0 load address 0x08002dc4
 .igot.plt      0x2000000c        0x0 c:/st/stm32cubeide_1.8.0/stm32cubeide/plugins/com.st.stm32cube.ide.mcu.externaltools.gnu-tools-for-stm32.9-2020-q2-update.win32_2.0.0.202105311346/tools/bin/../lib/gcc/arm-none-eabi/10.3.1/thumb/v7e-m+dp/hard/crtbegin.o
                0x2000000c                . = ALIGN (0x4)

.bss            0x2000000c       0x6c load address 0x08002dc4
                0x2000000c                _sbss = .
                0x2000000c                __bss_start__ = _sbss
 *(.bss)
 .bss           0x2000000c       0x1c c:/st/stm32cubeide_1.8.0/stm32cubeide/plugins/com.st.stm32cube.ide.mcu.externaltools.gnu-tools-for-stm32.9-2020-q2-update.win32_2.0.0.202105311346/tools/bin/../lib/gcc/arm-none-eabi/10.3.1/thumb/v7e-m+dp/hard/crtbegin.o
 *(.bss*)
 .bss.htim1     0x20000028       0x4c ./Core/Src/main.o
                0x20000028                htim1
 .bss.uwTick    0x20000074        0x4 ./Drivers/STM32F7xx_HAL_Driver/Src/stm32f7xx_hal.o
                0x20000074                uwTick
 *(COMMON)
                0x20000078                . = ALIGN (0x4)
                0x20000078                _ebss = .
                0x20000078                __bss_end__ = _ebss

._user_heap_stack
                0x20000078      0x600 load address 0x08002dc4
                0x20000078                . = ALIGN (0x8)
                [!provide]                PROVIDE (end = .)
                0x20000078                PROVIDE (_end = .)
                0x20000278                . = (. + _Min_Heap_Size)
 *fill*         0x20000078      0x200 
                0x20000678                . = (. + _Min_Stack_Size)
 *fill*         0x20000278      0x400 
                0x20000678                . = ALIGN (0x8)

/DISCARD/
 libc.a(*)
 libm.a(*)
 libgcc.a(*)

.ARM.attributes
                0x00000000       0x2e
 *(.ARM.attributes)
 .ARM.attributes
                0x00000000       0x1e c:/st/stm32cubeide_1.8.0/stm32cubeide/plugins/com.st.stm32cube.ide.mcu.externaltools.gnu-tools-for-stm32.9-2020-q2-update.win32_2.0.0.202105311346/tools/bin/../lib/gcc/arm-none-eabi/10.3.1/thumb/v7e-m+dp/hard/crti.o
 .ARM.attributes
                0x0000001e       0x32 c:/st/stm32cubeide_1.8.0/stm32cubeide/plugins/com.st.stm32cube.ide.mcu.externaltools.gnu-tools-for-stm32.9-2020-q2-update.win32_2.0.0.202105311346/tools/bin/../lib/gcc/arm-none-eabi/10.3.1/thumb/v7e-m+dp/hard/crtbegin.o
 .ARM.attributes
                0x00000050       0x32 ./Core/Src/main.o
 .ARM.attributes
                0x00000082       0x32 ./Core/Src/motor.o
 .ARM.attributes
                0x000000b4       0x32 ./Core/Src/stm32f7xx_hal_msp.o
 .ARM.attributes
                0x000000e6       0x32 ./Core/Src/stm32f7xx_it.o
 .ARM.attributes
                0x00000118       0x32 ./Core/Src/system_stm32f7xx.o
 .ARM.attributes
                0x0000014a       0x21 ./Core/Startup/startup_stm32f767zitx.o
 .ARM.attributes
                0x0000016b       0x32 ./Drivers/STM32F7xx_HAL_Driver/Src/stm32f7xx_hal.o
 .ARM.attributes
                0x0000019d       0x32 ./Drivers/STM32F7xx_HAL_Driver/Src/stm32f7xx_hal_cortex.o
 .ARM.attributes
                0x000001cf       0x32 ./Drivers/STM32F7xx_HAL_Driver/Src/stm32f7xx_hal_gpio.o
 .ARM.attributes
                0x00000201       0x32 ./Drivers/STM32F7xx_HAL_Driver/Src/stm32f7xx_hal_pwr_ex.o
 .ARM.attributes
                0x00000233       0x32 ./Drivers/STM32F7xx_HAL_Driver/Src/stm32f7xx_hal_rcc.o
 .ARM.attributes
                0x00000265       0x32 ./Drivers/STM32F7xx_HAL_Driver/Src/stm32f7xx_hal_tim.o
 .ARM.attributes
                0x00000297       0x32 ./Drivers/STM32F7xx_HAL_Driver/Src/stm32f7xx_hal_tim_ex.o
 .ARM.attributes
                0x000002c9       0x32 c:/st/stm32cubeide_1.8.0/stm32cubeide/plugins/com.st.stm32cube.ide.mcu.externaltools.gnu-tools-for-stm32.9-2020-q2-update.win32_2.0.0.202105311346/tools/bin/../lib/gcc/arm-none-eabi/10.3.1/../../../../arm-none-eabi/lib/thumb/v7e-m+dp/hard\libc_nano.a(lib_a-init.o)
 .ARM.attributes
                0x000002fb       0x32 c:/st/stm32cubeide_1.8.0/stm32cubeide/plugins/com.st.stm32cube.ide.mcu.externaltools.gnu-tools-for-stm32.9-2020-q2-update.win32_2.0.0.202105311346/tools/bin/../lib/gcc/arm-none-eabi/10.3.1/../../../../arm-none-eabi/lib/thumb/v7e-m+dp/hard\libc_nano.a(lib_a-memcpy-stub.o)
 .ARM.attributes
                0x0000032d       0x32 c:/st/stm32cubeide_1.8.0/stm32cubeide/plugins/com.st.stm32cube.ide.mcu.externaltools.gnu-tools-for-stm32.9-2020-q2-update.win32_2.0.0.202105311346/tools/bin/../lib/gcc/arm-none-eabi/10.3.1/../../../../arm-none-eabi/lib/thumb/v7e-m+dp/hard\libc_nano.a(lib_a-memset.o)
 .ARM.attributes
                0x0000035f       0x1e c:/st/stm32cubeide_1.8.0/stm32cubeide/plugins/com.st.stm32cube.ide.mcu.externaltools.gnu-tools-for-stm32.9-2020-q2-update.win32_2.0.0.202105311346/tools/bin/../lib/gcc/arm-none-eabi/10.3.1/thumb/v7e-m+dp/hard\libgcc.a(_aeabi_uldivmod.o)
 .ARM.attributes
                0x0000037d       0x32 c:/st/stm32cubeide_1.8.0/stm32cubeide/plugins/com.st.stm32cube.ide.mcu.externaltools.gnu-tools-for-stm32.9-2020-q2-update.win32_2.0.0.202105311346/tools/bin/../lib/gcc/arm-none-eabi/10.3.1/thumb/v7e-m+dp/hard\libgcc.a(_udivmoddi4.o)
 .ARM.attributes
                0x000003af       0x1e c:/st/stm32cubeide_1.8.0/stm32cubeide/plugins/com.st.stm32cube.ide.mcu.externaltools.gnu-tools-for-stm32.9-2020-q2-update.win32_2.0.0.202105311346/tools/bin/../lib/gcc/arm-none-eabi/10.3.1/thumb/v7e-m+dp/hard\libgcc.a(_dvmd_tls.o)
 .ARM.attributes
                0x000003cd       0x1e c:/st/stm32cubeide_1.8.0/stm32cubeide/plugins/com.st.stm32cube.ide.mcu.externaltools.gnu-tools-for-stm32.9-2020-q2-update.win32_2.0.0.202105311346/tools/bin/../lib/gcc/arm-none-eabi/10.3.1/thumb/v7e-m+dp/hard/crtn.o
OUTPUT(ouxt_motor_driver.elf elf32-littlearm)
LOAD linker stubs
LOAD c:/st/stm32cubeide_1.8.0/stm32cubeide/plugins/com.st.stm32cube.ide.mcu.externaltools.gnu-tools-for-stm32.9-2020-q2-update.win32_2.0.0.202105311346/tools/bin/../lib/gcc/arm-none-eabi/10.3.1/../../../../arm-none-eabi/lib/thumb/v7e-m+dp/hard\libc.a
LOAD c:/st/stm32cubeide_1.8.0/stm32cubeide/plugins/com.st.stm32cube.ide.mcu.externaltools.gnu-tools-for-stm32.9-2020-q2-update.win32_2.0.0.202105311346/tools/bin/../lib/gcc/arm-none-eabi/10.3.1/../../../../arm-none-eabi/lib/thumb/v7e-m+dp/hard\libm.a
LOAD c:/st/stm32cubeide_1.8.0/stm32cubeide/plugins/com.st.stm32cube.ide.mcu.externaltools.gnu-tools-for-stm32.9-2020-q2-update.win32_2.0.0.202105311346/tools/bin/../lib/gcc/arm-none-eabi/10.3.1/thumb/v7e-m+dp/hard\libgcc.a

.debug_info     0x00000000     0xa31f
 .debug_info    0x00000000      0xf2e ./Core/Src/main.o
 .debug_info    0x00000f2e      0x84e ./Core/Src/motor.o
 .debug_info    0x0000177c      0xae5 ./Core/Src/stm32f7xx_hal_msp.o
 .debug_info    0x00002261      0x119 ./Core/Src/stm32f7xx_it.o
 .debug_info    0x0000237a      0x72c ./Core/Src/system_stm32f7xx.o
 .debug_info    0x00002aa6       0x22 ./Core/Startup/startup_stm32f767zitx.o
 .debug_info    0x00002ac8      0xa2f ./Drivers/STM32F7xx_HAL_Driver/Src/stm32f7xx_hal.o
 .debug_info    0x000034f7     0x109c ./Drivers/STM32F7xx_HAL_Driver/Src/stm32f7xx_hal_cortex.o
 .debug_info    0x00004593      0x7a2 ./Drivers/STM32F7xx_HAL_Driver/Src/stm32f7xx_hal_gpio.o
 .debug_info    0x00004d35      0x922 ./Drivers/STM32F7xx_HAL_Driver/Src/stm32f7xx_hal_pwr_ex.o
 .debug_info    0x00005657      0x9b3 ./Drivers/STM32F7xx_HAL_Driver/Src/stm32f7xx_hal_rcc.o
 .debug_info    0x0000600a     0x2c6e ./Drivers/STM32F7xx_HAL_Driver/Src/stm32f7xx_hal_tim.o
 .debug_info    0x00008c78     0x16a7 ./Drivers/STM32F7xx_HAL_Driver/Src/stm32f7xx_hal_tim_ex.o

.debug_abbrev   0x00000000     0x1668
 .debug_abbrev  0x00000000      0x222 ./Core/Src/main.o
 .debug_abbrev  0x00000222      0x192 ./Core/Src/motor.o
 .debug_abbrev  0x000003b4      0x1ae ./Core/Src/stm32f7xx_hal_msp.o
 .debug_abbrev  0x00000562       0x61 ./Core/Src/stm32f7xx_it.o
 .debug_abbrev  0x000005c3      0x136 ./Core/Src/system_stm32f7xx.o
 .debug_abbrev  0x000006f9       0x12 ./Core/Startup/startup_stm32f767zitx.o
 .debug_abbrev  0x0000070b      0x1da ./Drivers/STM32F7xx_HAL_Driver/Src/stm32f7xx_hal.o
 .debug_abbrev  0x000008e5      0x316 ./Drivers/STM32F7xx_HAL_Driver/Src/stm32f7xx_hal_cortex.o
 .debug_abbrev  0x00000bfb      0x1c4 ./Drivers/STM32F7xx_HAL_Driver/Src/stm32f7xx_hal_gpio.o
 .debug_abbrev  0x00000dbf      0x1b6 ./Drivers/STM32F7xx_HAL_Driver/Src/stm32f7xx_hal_pwr_ex.o
 .debug_abbrev  0x00000f75      0x289 ./Drivers/STM32F7xx_HAL_Driver/Src/stm32f7xx_hal_rcc.o
 .debug_abbrev  0x000011fe      0x231 ./Drivers/STM32F7xx_HAL_Driver/Src/stm32f7xx_hal_tim.o
 .debug_abbrev  0x0000142f      0x239 ./Drivers/STM32F7xx_HAL_Driver/Src/stm32f7xx_hal_tim_ex.o

.debug_aranges  0x00000000      0xa40
 .debug_aranges
                0x00000000       0x40 ./Core/Src/main.o
 .debug_aranges
                0x00000040       0x30 ./Core/Src/motor.o
 .debug_aranges
                0x00000070       0x38 ./Core/Src/stm32f7xx_hal_msp.o
 .debug_aranges
                0x000000a8       0x60 ./Core/Src/stm32f7xx_it.o
 .debug_aranges
                0x00000108       0x28 ./Core/Src/system_stm32f7xx.o
 .debug_aranges
                0x00000130       0x28 ./Core/Startup/startup_stm32f767zitx.o
 .debug_aranges
                0x00000158      0x110 ./Drivers/STM32F7xx_HAL_Driver/Src/stm32f7xx_hal.o
 .debug_aranges
                0x00000268      0x118 ./Drivers/STM32F7xx_HAL_Driver/Src/stm32f7xx_hal_cortex.o
 .debug_aranges
                0x00000380       0x58 ./Drivers/STM32F7xx_HAL_Driver/Src/stm32f7xx_hal_gpio.o
 .debug_aranges
                0x000003d8       0x80 ./Drivers/STM32F7xx_HAL_Driver/Src/stm32f7xx_hal_pwr_ex.o
 .debug_aranges
                0x00000458       0x88 ./Drivers/STM32F7xx_HAL_Driver/Src/stm32f7xx_hal_rcc.o
 .debug_aranges
                0x000004e0      0x3e0 ./Drivers/STM32F7xx_HAL_Driver/Src/stm32f7xx_hal_tim.o
 .debug_aranges
                0x000008c0      0x180 ./Drivers/STM32F7xx_HAL_Driver/Src/stm32f7xx_hal_tim_ex.o

.debug_ranges   0x00000000      0x978
 .debug_ranges  0x00000000       0x30 ./Core/Src/main.o
 .debug_ranges  0x00000030       0x20 ./Core/Src/motor.o
 .debug_ranges  0x00000050       0x28 ./Core/Src/stm32f7xx_hal_msp.o
 .debug_ranges  0x00000078       0x50 ./Core/Src/stm32f7xx_it.o
 .debug_ranges  0x000000c8       0x18 ./Core/Src/system_stm32f7xx.o
 .debug_ranges  0x000000e0       0x20 ./Core/Startup/startup_stm32f767zitx.o
 .debug_ranges  0x00000100      0x100 ./Drivers/STM32F7xx_HAL_Driver/Src/stm32f7xx_hal.o
 .debug_ranges  0x00000200      0x108 ./Drivers/STM32F7xx_HAL_Driver/Src/stm32f7xx_hal_cortex.o
 .debug_ranges  0x00000308       0x48 ./Drivers/STM32F7xx_HAL_Driver/Src/stm32f7xx_hal_gpio.o
 .debug_ranges  0x00000350       0x70 ./Drivers/STM32F7xx_HAL_Driver/Src/stm32f7xx_hal_pwr_ex.o
 .debug_ranges  0x000003c0       0x78 ./Drivers/STM32F7xx_HAL_Driver/Src/stm32f7xx_hal_rcc.o
 .debug_ranges  0x00000438      0x3d0 ./Drivers/STM32F7xx_HAL_Driver/Src/stm32f7xx_hal_tim.o
 .debug_ranges  0x00000808      0x170 ./Drivers/STM32F7xx_HAL_Driver/Src/stm32f7xx_hal_tim_ex.o

.debug_macro    0x00000000    0x26f22
 .debug_macro   0x00000000      0x2ce ./Core/Src/main.o
 .debug_macro   0x000002ce      0xa90 ./Core/Src/main.o
 .debug_macro   0x00000d5e      0x28d ./Core/Src/main.o
 .debug_macro   0x00000feb       0x2e ./Core/Src/main.o
 .debug_macro   0x00001019       0x3b ./Core/Src/main.o
 .debug_macro   0x00001054       0x22 ./Core/Src/main.o
 .debug_macro   0x00001076       0x8e ./Core/Src/main.o
 .debug_macro   0x00001104       0x51 ./Core/Src/main.o
 .debug_macro   0x00001155      0x103 ./Core/Src/main.o
 .debug_macro   0x00001258       0x6a ./Core/Src/main.o
 .debug_macro   0x000012c2      0x1df ./Core/Src/main.o
 .debug_macro   0x000014a1       0x1c ./Core/Src/main.o
 .debug_macro   0x000014bd       0x22 ./Core/Src/main.o
 .debug_macro   0x000014df       0xd9 ./Core/Src/main.o
 .debug_macro   0x000015b8     0x12cd ./Core/Src/main.o
 .debug_macro   0x00002885      0x11f ./Core/Src/main.o
 .debug_macro   0x000029a4       0x19 ./Core/Src/main.o
 .debug_macro   0x000029bd    0x1a9dd ./Core/Src/main.o
 .debug_macro   0x0001d39a       0x6d ./Core/Src/main.o
 .debug_macro   0x0001d407     0x3714 ./Core/Src/main.o
 .debug_macro   0x00020b1b      0x174 ./Core/Src/main.o
 .debug_macro   0x00020c8f       0x63 ./Core/Src/main.o
 .debug_macro   0x00020cf2     0x1add ./Core/Src/main.o
 .debug_macro   0x000227cf      0x6c4 ./Core/Src/main.o
 .debug_macro   0x00022e93      0x18b ./Core/Src/main.o
 .debug_macro   0x0002301e      0x115 ./Core/Src/main.o
 .debug_macro   0x00023133      0x26e ./Core/Src/main.o
 .debug_macro   0x000233a1       0xa5 ./Core/Src/main.o
 .debug_macro   0x00023446      0x24f ./Core/Src/main.o
 .debug_macro   0x00023695       0x71 ./Core/Src/main.o
 .debug_macro   0x00023706       0x58 ./Core/Src/main.o
 .debug_macro   0x0002375e      0x236 ./Core/Src/main.o
 .debug_macro   0x00023994      0x14e ./Core/Src/main.o
 .debug_macro   0x00023ae2      0x3db ./Core/Src/main.o
 .debug_macro   0x00023ebd       0x12 ./Core/Src/main.o
 .debug_macro   0x00023ecf      0x22c ./Core/Src/main.o
 .debug_macro   0x000240fb       0x61 ./Core/Src/main.o
 .debug_macro   0x0002415c       0xa5 ./Core/Src/main.o
 .debug_macro   0x00024201      0x12e ./Core/Src/main.o
 .debug_macro   0x0002432f      0x108 ./Core/Src/main.o
 .debug_macro   0x00024437       0x35 ./Core/Src/main.o
 .debug_macro   0x0002446c      0xa6e ./Core/Src/main.o
 .debug_macro   0x00024eda       0xa9 ./Core/Src/main.o
 .debug_macro   0x00024f83      0x15b ./Core/Src/main.o
 .debug_macro   0x000250de       0x34 ./Core/Src/main.o
 .debug_macro   0x00025112       0x52 ./Core/Src/main.o
 .debug_macro   0x00025164       0x1d ./Core/Src/main.o
 .debug_macro   0x00025181       0x3c ./Core/Src/main.o
 .debug_macro   0x000251bd       0x34 ./Core/Src/main.o
 .debug_macro   0x000251f1       0x16 ./Core/Src/main.o
 .debug_macro   0x00025207       0x43 ./Core/Src/main.o
 .debug_macro   0x0002524a       0x34 ./Core/Src/main.o
 .debug_macro   0x0002527e       0x10 ./Core/Src/main.o
 .debug_macro   0x0002528e       0x58 ./Core/Src/main.o
 .debug_macro   0x000252e6       0x71 ./Core/Src/main.o
 .debug_macro   0x00025357       0x1c ./Core/Src/main.o
 .debug_macro   0x00025373      0x12a ./Core/Src/main.o
 .debug_macro   0x0002549d      0x341 ./Core/Src/main.o
 .debug_macro   0x000257de       0x10 ./Core/Src/main.o
 .debug_macro   0x000257ee       0x35 ./Core/Src/main.o
 .debug_macro   0x00025823      0x19b ./Core/Src/main.o
 .debug_macro   0x000259be      0x2bf ./Core/Src/motor.o
 .debug_macro   0x00025c7d      0x1de ./Core/Src/stm32f7xx_hal_msp.o
 .debug_macro   0x00025e5b      0x1e8 ./Core/Src/stm32f7xx_it.o
 .debug_macro   0x00026043      0x1cf ./Core/Src/system_stm32f7xx.o
 .debug_macro   0x00026212      0x1f3 ./Drivers/STM32F7xx_HAL_Driver/Src/stm32f7xx_hal.o
 .debug_macro   0x00026405      0x1cf ./Drivers/STM32F7xx_HAL_Driver/Src/stm32f7xx_hal_cortex.o
 .debug_macro   0x000265d4      0x1d5 ./Drivers/STM32F7xx_HAL_Driver/Src/stm32f7xx_hal_gpio.o
 .debug_macro   0x000267a9      0x1e7 ./Drivers/STM32F7xx_HAL_Driver/Src/stm32f7xx_hal_pwr_ex.o
 .debug_macro   0x00026990      0x1f3 ./Drivers/STM32F7xx_HAL_Driver/Src/stm32f7xx_hal_rcc.o
 .debug_macro   0x00026b83      0x1d0 ./Drivers/STM32F7xx_HAL_Driver/Src/stm32f7xx_hal_tim.o
 .debug_macro   0x00026d53      0x1cf ./Drivers/STM32F7xx_HAL_Driver/Src/stm32f7xx_hal_tim_ex.o

.debug_line     0x00000000     0xb9c5
 .debug_line    0x00000000      0x9b5 ./Core/Src/main.o
 .debug_line    0x000009b5      0x909 ./Core/Src/motor.o
 .debug_line    0x000012be      0x727 ./Core/Src/stm32f7xx_hal_msp.o
 .debug_line    0x000019e5      0x782 ./Core/Src/stm32f7xx_it.o
 .debug_line    0x00002167      0x73f ./Core/Src/system_stm32f7xx.o
 .debug_line    0x000028a6       0x88 ./Core/Startup/startup_stm32f767zitx.o
 .debug_line    0x0000292e      0xa00 ./Drivers/STM32F7xx_HAL_Driver/Src/stm32f7xx_hal.o
 .debug_line    0x0000332e      0xc56 ./Drivers/STM32F7xx_HAL_Driver/Src/stm32f7xx_hal_cortex.o
 .debug_line    0x00003f84      0xb44 ./Drivers/STM32F7xx_HAL_Driver/Src/stm32f7xx_hal_gpio.o
 .debug_line    0x00004ac8      0x945 ./Drivers/STM32F7xx_HAL_Driver/Src/stm32f7xx_hal_pwr_ex.o
 .debug_line    0x0000540d      0xe40 ./Drivers/STM32F7xx_HAL_Driver/Src/stm32f7xx_hal_rcc.o
 .debug_line    0x0000624d     0x3bd0 ./Drivers/STM32F7xx_HAL_Driver/Src/stm32f7xx_hal_tim.o
 .debug_line    0x00009e1d     0x1ba8 ./Drivers/STM32F7xx_HAL_Driver/Src/stm32f7xx_hal_tim_ex.o

.debug_str      0x00000000    0xf5173
 .debug_str     0x00000000    0xf26fd ./Core/Src/main.o
                              0xf2ea9 (size before relaxing)
 .debug_str     0x000f26fd       0x7d ./Core/Src/motor.o
                              0xf2902 (size before relaxing)
 .debug_str     0x000f277a       0x85 ./Core/Src/stm32f7xx_hal_msp.o
                              0xef521 (size before relaxing)
 .debug_str     0x000f27ff       0xbd ./Core/Src/stm32f7xx_it.o
                              0xeee3e (size before relaxing)
 .debug_str     0x000f28bc      0x1a4 ./Core/Src/system_stm32f7xx.o
                              0xeef7c (size before relaxing)
 .debug_str     0x000f2a60       0x7d ./Core/Startup/startup_stm32f767zitx.o
 .debug_str     0x000f2add      0xa72 ./Drivers/STM32F7xx_HAL_Driver/Src/stm32f7xx_hal.o
                              0xef96d (size before relaxing)
 .debug_str     0x000f354f      0x39e ./Drivers/STM32F7xx_HAL_Driver/Src/stm32f7xx_hal_cortex.o
                              0xef96c (size before relaxing)
 .debug_str     0x000f38ed      0x148 ./Drivers/STM32F7xx_HAL_Driver/Src/stm32f7xx_hal_gpio.o
                              0xef03a (size before relaxing)
 .debug_str     0x000f3a35      0x1d1 ./Drivers/STM32F7xx_HAL_Driver/Src/stm32f7xx_hal_pwr_ex.o
                              0xef1df (size before relaxing)
 .debug_str     0x000f3c06      0x286 ./Drivers/STM32F7xx_HAL_Driver/Src/stm32f7xx_hal_rcc.o
                              0xef2d0 (size before relaxing)
 .debug_str     0x000f3e8c      0xdb5 ./Drivers/STM32F7xx_HAL_Driver/Src/stm32f7xx_hal_tim.o
                              0xf01ed (size before relaxing)
 .debug_str     0x000f4c41      0x532 ./Drivers/STM32F7xx_HAL_Driver/Src/stm32f7xx_hal_tim_ex.o
                              0xefab1 (size before relaxing)

.comment        0x00000000       0x49
 .comment       0x00000000       0x49 ./Core/Src/main.o
                                 0x4a (size before relaxing)
 .comment       0x00000049       0x4a ./Core/Src/motor.o
 .comment       0x00000049       0x4a ./Core/Src/stm32f7xx_hal_msp.o
 .comment       0x00000049       0x4a ./Core/Src/stm32f7xx_it.o
 .comment       0x00000049       0x4a ./Core/Src/system_stm32f7xx.o
 .comment       0x00000049       0x4a ./Drivers/STM32F7xx_HAL_Driver/Src/stm32f7xx_hal.o
 .comment       0x00000049       0x4a ./Drivers/STM32F7xx_HAL_Driver/Src/stm32f7xx_hal_cortex.o
 .comment       0x00000049       0x4a ./Drivers/STM32F7xx_HAL_Driver/Src/stm32f7xx_hal_gpio.o
 .comment       0x00000049       0x4a ./Drivers/STM32F7xx_HAL_Driver/Src/stm32f7xx_hal_pwr_ex.o
 .comment       0x00000049       0x4a ./Drivers/STM32F7xx_HAL_Driver/Src/stm32f7xx_hal_rcc.o
 .comment       0x00000049       0x4a ./Drivers/STM32F7xx_HAL_Driver/Src/stm32f7xx_hal_tim.o
 .comment       0x00000049       0x4a ./Drivers/STM32F7xx_HAL_Driver/Src/stm32f7xx_hal_tim_ex.o

.debug_frame    0x00000000     0x2a74
 .debug_frame   0x00000000       0xb4 ./Core/Src/main.o
 .debug_frame   0x000000b4       0x80 ./Core/Src/motor.o
 .debug_frame   0x00000134       0xac ./Core/Src/stm32f7xx_hal_msp.o
 .debug_frame   0x000001e0      0x104 ./Core/Src/stm32f7xx_it.o
 .debug_frame   0x000002e4       0x58 ./Core/Src/system_stm32f7xx.o
 .debug_frame   0x0000033c      0x3f4 ./Drivers/STM32F7xx_HAL_Driver/Src/stm32f7xx_hal.o
 .debug_frame   0x00000730      0x498 ./Drivers/STM32F7xx_HAL_Driver/Src/stm32f7xx_hal_cortex.o
 .debug_frame   0x00000bc8      0x14c ./Drivers/STM32F7xx_HAL_Driver/Src/stm32f7xx_hal_gpio.o
 .debug_frame   0x00000d14      0x1c8 ./Drivers/STM32F7xx_HAL_Driver/Src/stm32f7xx_hal_pwr_ex.o
 .debug_frame   0x00000edc      0x1f8 ./Drivers/STM32F7xx_HAL_Driver/Src/stm32f7xx_hal_rcc.o
 .debug_frame   0x000010d4     0x121c ./Drivers/STM32F7xx_HAL_Driver/Src/stm32f7xx_hal_tim.o
 .debug_frame   0x000022f0      0x6b0 ./Drivers/STM32F7xx_HAL_Driver/Src/stm32f7xx_hal_tim_ex.o
 .debug_frame   0x000029a0       0x2c c:/st/stm32cubeide_1.8.0/stm32cubeide/plugins/com.st.stm32cube.ide.mcu.externaltools.gnu-tools-for-stm32.9-2020-q2-update.win32_2.0.0.202105311346/tools/bin/../lib/gcc/arm-none-eabi/10.3.1/../../../../arm-none-eabi/lib/thumb/v7e-m+dp/hard\libc_nano.a(lib_a-init.o)
 .debug_frame   0x000029cc       0x28 c:/st/stm32cubeide_1.8.0/stm32cubeide/plugins/com.st.stm32cube.ide.mcu.externaltools.gnu-tools-for-stm32.9-2020-q2-update.win32_2.0.0.202105311346/tools/bin/../lib/gcc/arm-none-eabi/10.3.1/../../../../arm-none-eabi/lib/thumb/v7e-m+dp/hard\libc_nano.a(lib_a-memcpy-stub.o)
 .debug_frame   0x000029f4       0x20 c:/st/stm32cubeide_1.8.0/stm32cubeide/plugins/com.st.stm32cube.ide.mcu.externaltools.gnu-tools-for-stm32.9-2020-q2-update.win32_2.0.0.202105311346/tools/bin/../lib/gcc/arm-none-eabi/10.3.1/../../../../arm-none-eabi/lib/thumb/v7e-m+dp/hard\libc_nano.a(lib_a-memset.o)
 .debug_frame   0x00002a14       0x2c c:/st/stm32cubeide_1.8.0/stm32cubeide/plugins/com.st.stm32cube.ide.mcu.externaltools.gnu-tools-for-stm32.9-2020-q2-update.win32_2.0.0.202105311346/tools/bin/../lib/gcc/arm-none-eabi/10.3.1/thumb/v7e-m+dp/hard\libgcc.a(_aeabi_uldivmod.o)
 .debug_frame   0x00002a40       0x34 c:/st/stm32cubeide_1.8.0/stm32cubeide/plugins/com.st.stm32cube.ide.mcu.externaltools.gnu-tools-for-stm32.9-2020-q2-update.win32_2.0.0.202105311346/tools/bin/../lib/gcc/arm-none-eabi/10.3.1/thumb/v7e-m+dp/hard\libgcc.a(_udivmoddi4.o)
